// Jest Snapshot v1, https://goo.gl/fbAQLP

exports[`App component renders App 1`] = `
<BrowserRouter>
  <Switch>
    <Route
      component={[Function]}
      path="/lyrics/:name/:album/:title/:id"
    />
    <Route
      component={[Function]}
      path="/songs/:name/:album/:id"
    />
    <Route
      component={[Function]}
      path="/albums/:name/:id"
    />
    <Route
      component={[Function]}
      path="/"
    />
  </Switch>
</BrowserRouter>
`;
